---
source: physx-sys/pxbind/tests/records.rs
expression: ro.rust_decls
---

#[derive(Clone, Copy)]
#[cfg_attr(feature = "debug-structs", derive(Debug))]
#[repr(C)]
pub struct PxInputStream {
    vtable_: *const std::ffi::c_void,
}

#[derive(Clone, Copy)]
#[cfg_attr(feature = "debug-structs", derive(Debug))]
#[repr(C)]
pub struct PxInputData {
    vtable_: *const std::ffi::c_void,
}

#[derive(Clone, Copy)]
#[cfg_attr(feature = "debug-structs", derive(Debug))]
#[repr(C)]
pub struct PxOutputStream {
    vtable_: *const std::ffi::c_void,
}

#[derive(Copy, Clone)]
#[repr(C)]
pub struct PxAllocationListener {
    _unused: [u8; 0],
}

#[derive(Copy, Clone)]
#[repr(C)]
pub struct PxErrorCallback {
    _unused: [u8; 0],
}

#[derive(Copy, Clone)]
#[repr(C)]
pub struct PxAllocatorCallback {
    _unused: [u8; 0],
}

#[derive(Clone, Copy)]
#[cfg_attr(feature = "debug-structs", derive(Debug))]
#[repr(C)]
pub struct PxFoundation {
    vtable_: *const std::ffi::c_void,
}

#[derive(Copy, Clone)]
#[repr(C)]
pub struct PxProfilerCallback {
    _unused: [u8; 0],
}

#[derive(Copy, Clone)]
#[repr(C)]
pub struct PxRepXSerializer {
    _unused: [u8; 0],
}

#[derive(Copy, Clone)]
#[repr(C)]
pub struct PxSerializer {
    _unused: [u8; 0],
}

#[derive(Copy, Clone)]
#[repr(C)]
pub struct PxPhysics {
    _unused: [u8; 0],
}

#[derive(Clone, Copy)]
#[cfg_attr(feature = "debug-structs", derive(Debug))]
#[repr(C)]
pub struct PxProcessPxBaseCallback {
    vtable_: *const std::ffi::c_void,
}

#[derive(Clone, Copy)]
#[cfg_attr(feature = "debug-structs", derive(Debug))]
#[repr(C)]
pub struct PxSerializationContext {
    vtable_: *const std::ffi::c_void,
}

#[derive(Clone, Copy)]
#[cfg_attr(feature = "debug-structs", derive(Debug))]
#[repr(C)]
pub struct PxSerializationRegistry {
    vtable_: *const std::ffi::c_void,
}

#[derive(Clone, Copy)]
#[cfg_attr(feature = "debug-structs", derive(Debug))]
#[repr(C)]
pub struct PxCollection {
    vtable_: *const std::ffi::c_void,
}

#[derive(Copy, Clone)]
#[repr(C)]
pub struct PxTypeInfo {
    _unused: [u8; 0],
}

#[derive(Copy, Clone)]
#[repr(C)]
pub struct PxMaterial {
    _unused: [u8; 0],
}

#[derive(Copy, Clone)]
#[repr(C)]
pub struct PxDeformableSurfaceMaterial {
    _unused: [u8; 0],
}

#[derive(Copy, Clone)]
#[repr(C)]
pub struct PxDeformableVolumeMaterial {
    _unused: [u8; 0],
}

#[derive(Copy, Clone)]
#[repr(C)]
pub struct PxPBDMaterial {
    _unused: [u8; 0],
}

#[derive(Copy, Clone)]
#[repr(C)]
pub struct PxConvexMesh {
    _unused: [u8; 0],
}

#[derive(Copy, Clone)]
#[repr(C)]
pub struct PxTriangleMesh {
    _unused: [u8; 0],
}

#[derive(Copy, Clone)]
#[repr(C)]
pub struct PxBVH33TriangleMesh {
    _unused: [u8; 0],
}

#[derive(Copy, Clone)]
#[repr(C)]
pub struct PxBVH34TriangleMesh {
    _unused: [u8; 0],
}

#[derive(Copy, Clone)]
#[repr(C)]
pub struct PxTetrahedronMesh {
    _unused: [u8; 0],
}

#[derive(Copy, Clone)]
#[repr(C)]
pub struct PxHeightField {
    _unused: [u8; 0],
}

#[derive(Copy, Clone)]
#[repr(C)]
pub struct PxActor {
    _unused: [u8; 0],
}

#[derive(Copy, Clone)]
#[repr(C)]
pub struct PxRigidActor {
    _unused: [u8; 0],
}

#[derive(Copy, Clone)]
#[repr(C)]
pub struct PxRigidBody {
    _unused: [u8; 0],
}

#[derive(Copy, Clone)]
#[repr(C)]
pub struct PxRigidDynamic {
    _unused: [u8; 0],
}

#[derive(Copy, Clone)]
#[repr(C)]
pub struct PxRigidStatic {
    _unused: [u8; 0],
}

#[derive(Copy, Clone)]
#[repr(C)]
pub struct PxArticulationLink {
    _unused: [u8; 0],
}

#[derive(Copy, Clone)]
#[repr(C)]
pub struct PxArticulationJointReducedCoordinate {
    _unused: [u8; 0],
}

#[derive(Copy, Clone)]
#[repr(C)]
pub struct PxArticulationReducedCoordinate {
    _unused: [u8; 0],
}

#[derive(Copy, Clone)]
#[repr(C)]
pub struct PxAggregate {
    _unused: [u8; 0],
}

#[derive(Copy, Clone)]
#[repr(C)]
pub struct PxConstraint {
    _unused: [u8; 0],
}

#[derive(Copy, Clone)]
#[repr(C)]
pub struct PxShape {
    _unused: [u8; 0],
}

#[derive(Copy, Clone)]
#[repr(C)]
pub struct PxPruningStructure {
    _unused: [u8; 0],
}

#[derive(Copy, Clone)]
#[repr(C)]
pub struct PxPBDParticleSystem {
    _unused: [u8; 0],
}

#[derive(Copy, Clone)]
#[repr(C)]
pub struct PxDeformableSurface {
    _unused: [u8; 0],
}

#[derive(Copy, Clone)]
#[repr(C)]
pub struct PxDeformableVolume {
    _unused: [u8; 0],
}

#[derive(Copy, Clone)]
#[repr(C)]
pub struct PxDeformableAttachment {
    _unused: [u8; 0],
}

#[derive(Copy, Clone)]
#[repr(C)]
pub struct PxDeformableElementFilter {
    _unused: [u8; 0],
}

#[derive(Copy, Clone)]
#[repr(C)]
pub struct PxParticleBuffer {
    _unused: [u8; 0],
}

#[derive(Copy, Clone)]
#[repr(C)]
pub struct PxParticleAndDiffuseBuffer {
    _unused: [u8; 0],
}

#[derive(Clone, Copy)]
#[cfg_attr(feature = "debug-structs", derive(Debug))]
#[repr(C)]
pub struct PxRefCounted {
    vtable_: *const std::ffi::c_void,
}

#[derive(Clone, Copy)]
#[cfg_attr(feature = "debug-structs", derive(Debug))]
#[repr(C)]
pub struct PxConstraintVisualizer {
    vtable_: *const std::ffi::c_void,
}

#[derive(Clone, Copy)]
#[cfg_attr(feature = "debug-structs", derive(Debug))]
#[repr(C)]
pub struct PxConstraintConnector {
    vtable_: *const std::ffi::c_void,
}

#[derive(Clone, Copy)]
#[cfg_attr(feature = "debug-structs", derive(Debug))]
#[repr(C)]
pub struct PxConstraintAllocator {
    vtable_: *const std::ffi::c_void,
}
