---
source: physx-sys/pxbind/tests/structgen.rs
expression: generated.cpp
---
struct physx_PxInputStream_Pod {
    void* vtable_;
};
struct physx_PxInputData_Pod {
    void* vtable_;
};
struct physx_PxOutputStream_Pod {
    void* vtable_;
};
struct physx_PxAllocationListener_Pod;
struct physx_PxErrorCallback_Pod;
struct physx_PxAllocatorCallback_Pod;
struct physx_PxFoundation_Pod {
    void* vtable_;
};
struct physx_PxProfilerCallback_Pod;
struct physx_PxBase_Pod;
struct physx_PxSerializationContext_Pod;
struct physx_PxRepXSerializer_Pod;
struct physx_PxSerializer_Pod;
struct physx_PxPhysics_Pod;
struct physx_PxCollection_Pod;
struct physx_PxProcessPxBaseCallback_Pod {
    void* vtable_;
};
struct physx_PxSerializationContext_Pod {
    void* vtable_;
};
struct physx_PxDeserializationContext_Pod {
    char structgen_pad0[16];
};
struct physx_PxSerializationRegistry_Pod {
    void* vtable_;
};
struct physx_PxCollection_Pod {
    void* vtable_;
};
struct physx_PxTypeInfo_Pod;
struct physx_PxMaterial_Pod;
struct physx_PxDeformableSurfaceMaterial_Pod;
struct physx_PxDeformableVolumeMaterial_Pod;
struct physx_PxPBDMaterial_Pod;
struct physx_PxConvexMesh_Pod;
struct physx_PxTriangleMesh_Pod;
struct physx_PxBVH33TriangleMesh_Pod;
struct physx_PxBVH34TriangleMesh_Pod;
struct physx_PxTetrahedronMesh_Pod;
struct physx_PxHeightField_Pod;
struct physx_PxActor_Pod;
struct physx_PxRigidActor_Pod;
struct physx_PxRigidBody_Pod;
struct physx_PxRigidDynamic_Pod;
struct physx_PxRigidStatic_Pod;
struct physx_PxArticulationLink_Pod;
struct physx_PxArticulationJointReducedCoordinate_Pod;
struct physx_PxArticulationReducedCoordinate_Pod;
struct physx_PxAggregate_Pod;
struct physx_PxConstraint_Pod;
struct physx_PxShape_Pod;
struct physx_PxPruningStructure_Pod;
struct physx_PxPBDParticleSystem_Pod;
struct physx_PxDeformableSurface_Pod;
struct physx_PxDeformableVolume_Pod;
struct physx_PxDeformableAttachment_Pod;
struct physx_PxDeformableElementFilter_Pod;
struct physx_PxParticleBuffer_Pod;
struct physx_PxParticleAndDiffuseBuffer_Pod;
struct physx_PxBase_Pod {
    char structgen_pad0[16];
};
struct physx_PxRefCounted_Pod {
    void* vtable_;
};
struct physx_PxGeometry_Pod {
    char structgen_pad0[4];
    float mTypePadding;
};
struct physx_PxVec3Padded_Pod {
    char structgen_pad0[12];
    uint32_t padding;
};
struct physx_PxTransformPadded_Pod {
    char structgen_pad0[28];
    uint32_t padding;
};
struct physx_PxPlane_Pod {
    physx_PxVec3_Pod n;
    float d;
};
struct physx_PxBoxGeometry_Pod {
    char structgen_pad0[8];
    physx_PxVec3_Pod halfExtents;
};
struct physx_PxSphereGeometry_Pod {
    char structgen_pad0[8];
    float radius;
};
struct physx_PxCapsuleGeometry_Pod {
    char structgen_pad0[8];
    float radius;
    float halfHeight;
};
struct physx_PxPlaneGeometry_Pod {
    char structgen_pad0[8];
};
struct physx_PxMeshScale_Pod {
    physx_PxVec3_Pod scale;
    physx_PxQuatT<float>_Pod rotation;
};
struct physx_PxBoundedData_Pod {
    void const* data;
    uint32_t stride;
    uint32_t count;
};
struct physx_PxBounds3_Pod;
struct physx_PxHullPolygon_Pod {
    float mPlane[4];
    uint16_t mNbVerts;
    uint16_t mIndexBase;
};
struct physx_PxConvexMesh_Pod {
    void* vtable_;
};
struct physx_PxConvexMeshGeometry_Pod {
    char structgen_pad0[8];
    physx_PxMeshScale_Pod scale;
    char structgen_pad1[4];
    physx_PxConvexMesh_Pod* convexMesh;
    uint8_t meshFlags;
    char structgen_pad2[7];
};
struct physx_PxTriangleMeshGeometry_Pod {
    char structgen_pad0[8];
    physx_PxMeshScale_Pod scale;
    uint8_t meshFlags;
    char structgen_pad1[3];
    physx_PxTriangleMesh_Pod* triangleMesh;
};
struct physx_PxHeightFieldGeometry_Pod {
    char structgen_pad0[8];
    physx_PxHeightField_Pod* heightField;
    float heightScale;
    float rowScale;
    float columnScale;
    uint8_t heightFieldFlags;
    char structgen_pad1[3];
};
struct physx_PxBounds3_Pod {
    physx_PxVec3_Pod minimum;
    physx_PxVec3_Pod maximum;
};
struct physx_PxAllocatorCallback_Pod {
    void* vtable_;
};
struct physx_PxAllocator_Pod {
    char structgen_pad0[1];
};
struct physx_PxRawAllocator_Pod {
    char structgen_pad0[1];
};
struct physx_PxLogTwo_Pod;
struct physx_PxUnConst_Pod;
struct physx_PxFilterData_Pod {
    uint32_t word0;
    uint32_t word1;
    uint32_t word2;
    uint32_t word3;
};
struct physx_PxSimulationFilterCallback_Pod {
    void* vtable_;
};
struct physx_PxScene_Pod;
struct physx_PxActor_Pod {
    char structgen_pad0[16];
    void* userData;
};
struct physx_PxCudaContextManager_Pod;
struct physx_PxGpuParticleSystem_Pod;
struct physx_PxParticleSystemCallback_Pod {
    void* vtable_;
};
struct physx_PxMultiCallback_Pod {
    void* vtable_;
};
struct physx_PxPBDParticleSystem_Pod {
    void* vtable_;
};
struct physx_PxParticleSystemGeometry_Pod {
    char structgen_pad0[8];
};
struct physx_PxTetrahedronMeshGeometry_Pod {
    char structgen_pad0[8];
    physx_PxTetrahedronMesh_Pod* tetrahedronMesh;
};
struct physx_PxQueryHit_Pod {
    uint32_t faceIndex;
};
struct physx_PxLocationHit_Pod {
    char structgen_pad0[4];
    uint16_t flags;
    char structgen_pad1[2];
    physx_PxVec3_Pod position;
    physx_PxVec3_Pod normal;
    float distance;
};
struct physx_PxGeomRaycastHit_Pod {
    char structgen_pad0[36];
    float u;
    float v;
};
struct physx_PxGeomOverlapHit_Pod {
    char structgen_pad0[4];
};
struct physx_PxGeomSweepHit_Pod {
    char structgen_pad0[36];
};
struct physx_PxGeomIndexPair_Pod {
    uint32_t id0;
    uint32_t id1;
};
struct physx_PxGeomIndexClosePair_Pod {
    char structgen_pad0[8];
    float distance;
};
struct physx_PxQueryThreadContext_Pod {
    char structgen_pad0[1];
};
struct physx_PxContactBuffer_Pod;
struct physx_PxRenderOutput_Pod;
struct physx_PxMassProperties_Pod;
struct physx_PxCustomGeometry_Pod {
    char structgen_pad0[16];
};
struct physx_PxConvexCoreGeometry_Pod {
    char structgen_pad0[40];
};
struct physx_PxGeometryHolder_Pod {
    char structgen_pad0[56];
};
struct physx_PxBaseMaterial_Pod;
struct physx_PxShape_Pod {
    char structgen_pad0[16];
    void* userData;
};
